Component: ARM Compiler 5.06 update 3 (build 300) Tool: armlink [4d35c9]

==============================================================================

Section Cross References

    startup_lpc13xx.o(STACK) refers (Special) to heapauxi.o(.text) for __use_two_region_memory
    startup_lpc13xx.o(HEAP) refers (Special) to heapauxi.o(.text) for __use_two_region_memory
    startup_lpc13xx.o(RESET) refers (Special) to heapauxi.o(.text) for __use_two_region_memory
    startup_lpc13xx.o(RESET) refers to startup_lpc13xx.o(STACK) for __initial_sp
    startup_lpc13xx.o(RESET) refers to startup_lpc13xx.o(.text) for Reset_Handler
    startup_lpc13xx.o(.ARM.__at_0x02FC) refers (Special) to heapauxi.o(.text) for __use_two_region_memory
    startup_lpc13xx.o(.text) refers (Special) to heapauxi.o(.text) for __use_two_region_memory
    startup_lpc13xx.o(.text) refers to system_lpc13xx.o(i.SystemInit) for SystemInit
    startup_lpc13xx.o(.text) refers to __main.o(!!!main) for __main
    startup_lpc13xx.o(.text) refers to startup_lpc13xx.o(HEAP) for Heap_Mem
    startup_lpc13xx.o(.text) refers to startup_lpc13xx.o(STACK) for Stack_Mem
    system_lpc13xx.o(i.SystemCoreClockUpdate) refers to system_lpc13xx.o(.data) for SystemCoreClock
    __main.o(!!!main) refers to __rtentry.o(.ARM.Collect$$rtentry$$00000000) for __rt_entry
    __rtentry.o(.ARM.Collect$$rtentry$$00000000) refers (Special) to __rtentry2.o(.ARM.Collect$$rtentry$$0000000A) for __rt_entry_li
    __rtentry.o(.ARM.Collect$$rtentry$$00000000) refers (Special) to __rtentry2.o(.ARM.Collect$$rtentry$$0000000D) for __rt_entry_main
    __rtentry.o(.ARM.Collect$$rtentry$$00000000) refers (Special) to __rtentry2.o(.ARM.Collect$$rtentry$$0000000C) for __rt_entry_postli_1
    __rtentry.o(.ARM.Collect$$rtentry$$00000000) refers (Special) to __rtentry2.o(.ARM.Collect$$rtentry$$00000009) for __rt_entry_postsh_1
    __rtentry.o(.ARM.Collect$$rtentry$$00000000) refers (Special) to __rtentry2.o(.ARM.Collect$$rtentry$$00000002) for __rt_entry_presh_1
    __rtentry.o(.ARM.Collect$$rtentry$$00000000) refers (Special) to __rtentry4.o(.ARM.Collect$$rtentry$$00000004) for __rt_entry_sh
    __rtentry2.o(.ARM.Collect$$rtentry$$00000008) refers to boardinit2.o(.text) for _platform_post_stackheap_init
    __rtentry2.o(.ARM.Collect$$rtentry$$0000000A) refers to libinit.o(.ARM.Collect$$libinit$$00000000) for __rt_lib_init
    __rtentry2.o(.ARM.Collect$$rtentry$$0000000B) refers to boardinit3.o(.text) for _platform_post_lib_init
    __rtentry2.o(.ARM.Collect$$rtentry$$0000000D) refers to exit.o(.text) for exit
    __rtentry2.o(.ARM.exidx) refers to __rtentry2.o(.ARM.Collect$$rtentry$$00000001) for .ARM.Collect$$rtentry$$00000001
    __rtentry2.o(.ARM.exidx) refers to __rtentry2.o(.ARM.Collect$$rtentry$$00000008) for .ARM.Collect$$rtentry$$00000008
    __rtentry2.o(.ARM.exidx) refers to __rtentry2.o(.ARM.Collect$$rtentry$$0000000A) for .ARM.Collect$$rtentry$$0000000A
    __rtentry2.o(.ARM.exidx) refers to __rtentry2.o(.ARM.Collect$$rtentry$$0000000B) for .ARM.Collect$$rtentry$$0000000B
    __rtentry2.o(.ARM.exidx) refers to __rtentry2.o(.ARM.Collect$$rtentry$$0000000D) for .ARM.Collect$$rtentry$$0000000D
    __rtentry4.o(.ARM.Collect$$rtentry$$00000004) refers to sys_stackheap_outer.o(.text) for __user_setup_stackheap
    __rtentry4.o(.ARM.exidx) refers to __rtentry4.o(.ARM.Collect$$rtentry$$00000004) for .ARM.Collect$$rtentry$$00000004
    sys_stackheap_outer.o(.text) refers to libspace.o(.text) for __user_perproc_libspace
    sys_stackheap_outer.o(.text) refers to startup_lpc13xx.o(.text) for __user_initial_stackheap
    exit.o(.text) refers to rtexit.o(.ARM.Collect$$rtexit$$00000000) for __rt_exit
    libinit.o(.ARM.Collect$$libinit$$00000000) refers (Special) to libinit2.o(.ARM.Collect$$libinit$$0000002E) for __rt_lib_init_alloca_1
    libinit.o(.ARM.Collect$$libinit$$00000000) refers (Special) to libinit2.o(.ARM.Collect$$libinit$$00000027) for __rt_lib_init_argv_1
    libinit.o(.ARM.Collect$$libinit$$00000000) refers (Special) to libinit2.o(.ARM.Collect$$libinit$$0000001B) for __rt_lib_init_atexit_1
    libinit.o(.ARM.Collect$$libinit$$00000000) refers (Special) to libinit2.o(.ARM.Collect$$libinit$$00000021) for __rt_lib_init_clock_1
    libinit.o(.ARM.Collect$$libinit$$00000000) refers (Special) to libinit2.o(.ARM.Collect$$libinit$$00000032) for __rt_lib_init_cpp_1
    libinit.o(.ARM.Collect$$libinit$$00000000) refers (Special) to libinit2.o(.ARM.Collect$$libinit$$00000030) for __rt_lib_init_exceptions_1
    libinit.o(.ARM.Collect$$libinit$$00000000) refers (Special) to libinit2.o(.ARM.Collect$$libinit$$00000002) for __rt_lib_init_fp_1
    libinit.o(.ARM.Collect$$libinit$$00000000) refers (Special) to libinit2.o(.ARM.Collect$$libinit$$0000001F) for __rt_lib_init_fp_trap_1
    libinit.o(.ARM.Collect$$libinit$$00000000) refers (Special) to libinit2.o(.ARM.Collect$$libinit$$00000023) for __rt_lib_init_getenv_1
    libinit.o(.ARM.Collect$$libinit$$00000000) refers (Special) to libinit2.o(.ARM.Collect$$libinit$$0000000A) for __rt_lib_init_heap_1
    libinit.o(.ARM.Collect$$libinit$$00000000) refers (Special) to libinit2.o(.ARM.Collect$$libinit$$00000011) for __rt_lib_init_lc_collate_1
    libinit.o(.ARM.Collect$$libinit$$00000000) refers (Special) to libinit2.o(.ARM.Collect$$libinit$$00000013) for __rt_lib_init_lc_ctype_1
    libinit.o(.ARM.Collect$$libinit$$00000000) refers (Special) to libinit2.o(.ARM.Collect$$libinit$$00000015) for __rt_lib_init_lc_monetary_1
    libinit.o(.ARM.Collect$$libinit$$00000000) refers (Special) to libinit2.o(.ARM.Collect$$libinit$$00000017) for __rt_lib_init_lc_numeric_1
    libinit.o(.ARM.Collect$$libinit$$00000000) refers (Special) to libinit2.o(.ARM.Collect$$libinit$$00000019) for __rt_lib_init_lc_time_1
    libinit.o(.ARM.Collect$$libinit$$00000000) refers (Special) to libinit2.o(.ARM.Collect$$libinit$$00000004) for __rt_lib_init_preinit_1
    libinit.o(.ARM.Collect$$libinit$$00000000) refers (Special) to libinit2.o(.ARM.Collect$$libinit$$0000000E) for __rt_lib_init_rand_1
    libinit.o(.ARM.Collect$$libinit$$00000000) refers (Special) to libinit2.o(.ARM.Collect$$libinit$$00000033) for __rt_lib_init_return
    libinit.o(.ARM.Collect$$libinit$$00000000) refers (Special) to libinit2.o(.ARM.Collect$$libinit$$0000001D) for __rt_lib_init_signal_1
    libinit.o(.ARM.Collect$$libinit$$00000000) refers (Special) to libinit2.o(.ARM.Collect$$libinit$$00000025) for __rt_lib_init_stdio_1
    libinit.o(.ARM.Collect$$libinit$$00000000) refers (Special) to libinit2.o(.ARM.Collect$$libinit$$0000000C) for __rt_lib_init_user_alloc_1
    libspace.o(.text) refers to libspace.o(.bss) for __libspace_start
    rtexit.o(.ARM.Collect$$rtexit$$00000000) refers (Special) to rtexit2.o(.ARM.Collect$$rtexit$$00000004) for __rt_exit_exit
    rtexit.o(.ARM.Collect$$rtexit$$00000000) refers (Special) to rtexit2.o(.ARM.Collect$$rtexit$$00000003) for __rt_exit_ls
    rtexit.o(.ARM.Collect$$rtexit$$00000000) refers (Special) to rtexit2.o(.ARM.Collect$$rtexit$$00000002) for __rt_exit_prels_1
    rtexit.o(.ARM.exidx) refers (Special) to rtexit2.o(.ARM.Collect$$rtexit$$00000004) for __rt_exit_exit
    rtexit.o(.ARM.exidx) refers (Special) to rtexit2.o(.ARM.Collect$$rtexit$$00000003) for __rt_exit_ls
    rtexit.o(.ARM.exidx) refers (Special) to rtexit2.o(.ARM.Collect$$rtexit$$00000002) for __rt_exit_prels_1
    rtexit.o(.ARM.exidx) refers to rtexit.o(.ARM.Collect$$rtexit$$00000000) for .ARM.Collect$$rtexit$$00000000
    libinit2.o(.ARM.Collect$$libinit$$00000010) refers to libinit2.o(.ARM.Collect$$libinit$$0000000F) for .ARM.Collect$$libinit$$0000000F
    libinit2.o(.ARM.Collect$$libinit$$00000012) refers to libinit2.o(.ARM.Collect$$libinit$$0000000F) for .ARM.Collect$$libinit$$0000000F
    libinit2.o(.ARM.Collect$$libinit$$00000014) refers to libinit2.o(.ARM.Collect$$libinit$$0000000F) for .ARM.Collect$$libinit$$0000000F
    libinit2.o(.ARM.Collect$$libinit$$00000016) refers to libinit2.o(.ARM.Collect$$libinit$$0000000F) for .ARM.Collect$$libinit$$0000000F
    libinit2.o(.ARM.Collect$$libinit$$00000018) refers to libinit2.o(.ARM.Collect$$libinit$$0000000F) for .ARM.Collect$$libinit$$0000000F
    libinit2.o(.ARM.Collect$$libinit$$00000026) refers to argv_veneer.o(.emb_text) for __ARM_argv_veneer
    libinit2.o(.ARM.Collect$$libinit$$00000027) refers to argv_veneer.o(.emb_text) for __ARM_argv_veneer
    rtexit2.o(.ARM.Collect$$rtexit$$00000003) refers to libshutdown.o(.ARM.Collect$$libshutdown$$00000000) for __rt_lib_shutdown
    rtexit2.o(.ARM.Collect$$rtexit$$00000004) refers to sys_exit.o(.text) for _sys_exit
    rtexit2.o(.ARM.exidx) refers to rtexit2.o(.ARM.Collect$$rtexit$$00000001) for .ARM.Collect$$rtexit$$00000001
    rtexit2.o(.ARM.exidx) refers to rtexit2.o(.ARM.Collect$$rtexit$$00000003) for .ARM.Collect$$rtexit$$00000003
    rtexit2.o(.ARM.exidx) refers to rtexit2.o(.ARM.Collect$$rtexit$$00000004) for .ARM.Collect$$rtexit$$00000004
    argv_veneer.o(.emb_text) refers to _get_argv_nomalloc.o(.text) for __ARM_get_argv
    sys_exit.o(.text) refers (Special) to use_no_semi.o(.text) for __I$use$semihosting
    sys_exit.o(.text) refers (Special) to indicate_semi.o(.text) for __semihosting_library_function
    _get_argv_nomalloc.o(.text) refers (Special) to hrguard.o(.text) for __heap_region$guard
    _get_argv_nomalloc.o(.text) refers to defsig_rtmem_outer.o(.text) for __rt_SIGRTMEM
    _get_argv_nomalloc.o(.text) refers to sys_command.o(.text) for _sys_command_string
    libshutdown.o(.ARM.Collect$$libshutdown$$00000000) refers (Special) to libshutdown2.o(.ARM.Collect$$libshutdown$$00000002) for __rt_lib_shutdown_cpp_1
    libshutdown.o(.ARM.Collect$$libshutdown$$00000000) refers (Special) to libshutdown2.o(.ARM.Collect$$libshutdown$$00000007) for __rt_lib_shutdown_fp_trap_1
    libshutdown.o(.ARM.Collect$$libshutdown$$00000000) refers (Special) to libshutdown2.o(.ARM.Collect$$libshutdown$$0000000F) for __rt_lib_shutdown_heap_1
    libshutdown.o(.ARM.Collect$$libshutdown$$00000000) refers (Special) to libshutdown2.o(.ARM.Collect$$libshutdown$$00000010) for __rt_lib_shutdown_return
    libshutdown.o(.ARM.Collect$$libshutdown$$00000000) refers (Special) to libshutdown2.o(.ARM.Collect$$libshutdown$$0000000A) for __rt_lib_shutdown_signal_1
    libshutdown.o(.ARM.Collect$$libshutdown$$00000000) refers (Special) to libshutdown2.o(.ARM.Collect$$libshutdown$$00000004) for __rt_lib_shutdown_stdio_1
    libshutdown.o(.ARM.Collect$$libshutdown$$00000000) refers (Special) to libshutdown2.o(.ARM.Collect$$libshutdown$$0000000C) for __rt_lib_shutdown_user_alloc_1
    sys_command.o(.text) refers (Special) to use_no_semi.o(.text) for __I$use$semihosting
    sys_command.o(.text) refers (Special) to indicate_semi.o(.text) for __semihosting_library_function
    defsig_rtmem_outer.o(.text) refers to defsig_rtmem_inner.o(.text) for __rt_SIGRTMEM_inner
    defsig_rtmem_outer.o(.text) refers to defsig_exit.o(.text) for __sig_exit
    defsig_rtmem_formal.o(.text) refers to rt_raise.o(.text) for __rt_raise
    rt_raise.o(.text) refers to __raise.o(.text) for __raise
    rt_raise.o(.text) refers to sys_exit.o(.text) for _sys_exit
    defsig_exit.o(.text) refers to sys_exit.o(.text) for _sys_exit
    defsig_rtmem_inner.o(.text) refers to defsig_general.o(.text) for __default_signal_display
    __raise.o(.text) refers to defsig.o(CL$$defsig) for __default_signal_handler
    defsig_general.o(.text) refers to sys_wrch.o(.text) for _ttywrch
    sys_wrch.o(.text) refers (Special) to use_no_semi.o(.text) for __I$use$semihosting
    sys_wrch.o(.text) refers (Special) to indicate_semi.o(.text) for __semihosting_library_function
    defsig.o(CL$$defsig) refers to defsig_rtmem_inner.o(.text) for __rt_SIGRTMEM_inner
    defsig_abrt_inner.o(.text) refers to defsig_general.o(.text) for __default_signal_display
    defsig_fpe_inner.o(.text) refers to defsig_general.o(.text) for __default_signal_display
    defsig_rtred_inner.o(.text) refers to defsig_general.o(.text) for __default_signal_display
    defsig_stak_inner.o(.text) refers to defsig_general.o(.text) for __default_signal_display
    defsig_pvfn_inner.o(.text) refers to defsig_general.o(.text) for __default_signal_display
    defsig_cppl_inner.o(.text) refers to defsig_general.o(.text) for __default_signal_display
    defsig_segv_inner.o(.text) refers to defsig_general.o(.text) for __default_signal_display
    defsig_other.o(.text) refers to defsig_general.o(.text) for __default_signal_display


==============================================================================

Removing Unused input sections from the image.

    Removing main.o(.text), (10 bytes).
    Removing system_lpc13xx.o(.rev16_text), (4 bytes).
    Removing system_lpc13xx.o(.revsh_text), (4 bytes).
    Removing system_lpc13xx.o(.rrx_text), (6 bytes).
    Removing system_lpc13xx.o(i.SystemCoreClockUpdate), (380 bytes).
    Removing system_lpc13xx.o(.data), (4 bytes).

6 unused section(s) (total 408 bytes) removed from the image.

==============================================================================

Memory Map of the image

  Image Entry point : 0x00000000

  Load Region LR_1 (Base: 0x00000000, Size: 0x000004fc, Max: 0xffffffff, ABSOLUTE)

    Execution Region ER_RO (Base: 0x00000000, Size: 0x000004fc, Max: 0xffffffff, ABSOLUTE)

    Base Addr    Size         Type   Attr      Idx    E Section Name        Object

    0x00000000   0x00000128   Data   RO            8    RESET               startup_lpc13xx.o
    0x00000128   0x00000008   Code   RO           76  * !!!main             c_w.l(__main.o)
    0x00000130   0x00000002   Code   RO          103    .ARM.Collect$$libinit$$00000000  c_w.l(libinit.o)
    0x00000132   0x00000000   Code   RO          110    .ARM.Collect$$libinit$$00000002  c_w.l(libinit2.o)
    0x00000132   0x00000000   Code   RO          112    .ARM.Collect$$libinit$$00000004  c_w.l(libinit2.o)
    0x00000132   0x00000000   Code   RO          115    .ARM.Collect$$libinit$$0000000A  c_w.l(libinit2.o)
    0x00000132   0x00000000   Code   RO          117    .ARM.Collect$$libinit$$0000000C  c_w.l(libinit2.o)
    0x00000132   0x00000000   Code   RO          119    .ARM.Collect$$libinit$$0000000E  c_w.l(libinit2.o)
    0x00000132   0x00000000   Code   RO          122    .ARM.Collect$$libinit$$00000011  c_w.l(libinit2.o)
    0x00000132   0x00000000   Code   RO          124    .ARM.Collect$$libinit$$00000013  c_w.l(libinit2.o)
    0x00000132   0x00000000   Code   RO          126    .ARM.Collect$$libinit$$00000015  c_w.l(libinit2.o)
    0x00000132   0x00000000   Code   RO          128    .ARM.Collect$$libinit$$00000017  c_w.l(libinit2.o)
    0x00000132   0x00000000   Code   RO          130    .ARM.Collect$$libinit$$00000019  c_w.l(libinit2.o)
    0x00000132   0x00000000   Code   RO          132    .ARM.Collect$$libinit$$0000001B  c_w.l(libinit2.o)
    0x00000132   0x00000000   Code   RO          134    .ARM.Collect$$libinit$$0000001D  c_w.l(libinit2.o)
    0x00000132   0x00000000   Code   RO          136    .ARM.Collect$$libinit$$0000001F  c_w.l(libinit2.o)
    0x00000132   0x00000000   Code   RO          138    .ARM.Collect$$libinit$$00000021  c_w.l(libinit2.o)
    0x00000132   0x00000000   Code   RO          140    .ARM.Collect$$libinit$$00000023  c_w.l(libinit2.o)
    0x00000132   0x00000000   Code   RO          142    .ARM.Collect$$libinit$$00000025  c_w.l(libinit2.o)
    0x00000132   0x00000008   Code   RO          144    .ARM.Collect$$libinit$$00000027  c_w.l(libinit2.o)
    0x0000013a   0x00000000   Code   RO          148    .ARM.Collect$$libinit$$0000002E  c_w.l(libinit2.o)
    0x0000013a   0x00000000   Code   RO          150    .ARM.Collect$$libinit$$00000030  c_w.l(libinit2.o)
    0x0000013a   0x00000000   Code   RO          152    .ARM.Collect$$libinit$$00000032  c_w.l(libinit2.o)
    0x0000013a   0x00000002   Code   RO          153    .ARM.Collect$$libinit$$00000033  c_w.l(libinit2.o)
    0x0000013c   0x00000002   Code   RO          173    .ARM.Collect$$libshutdown$$00000000  c_w.l(libshutdown.o)
    0x0000013e   0x00000000   Code   RO          186    .ARM.Collect$$libshutdown$$00000002  c_w.l(libshutdown2.o)
    0x0000013e   0x00000000   Code   RO          188    .ARM.Collect$$libshutdown$$00000004  c_w.l(libshutdown2.o)
    0x0000013e   0x00000000   Code   RO          191    .ARM.Collect$$libshutdown$$00000007  c_w.l(libshutdown2.o)
    0x0000013e   0x00000000   Code   RO          194    .ARM.Collect$$libshutdown$$0000000A  c_w.l(libshutdown2.o)
    0x0000013e   0x00000000   Code   RO          196    .ARM.Collect$$libshutdown$$0000000C  c_w.l(libshutdown2.o)
    0x0000013e   0x00000000   Code   RO          199    .ARM.Collect$$libshutdown$$0000000F  c_w.l(libshutdown2.o)
    0x0000013e   0x00000002   Code   RO          200    .ARM.Collect$$libshutdown$$00000010  c_w.l(libshutdown2.o)
    0x00000140   0x00000000   Code   RO           78    .ARM.Collect$$rtentry$$00000000  c_w.l(__rtentry.o)
    0x00000140   0x00000000   Code   RO           80    .ARM.Collect$$rtentry$$00000002  c_w.l(__rtentry2.o)
    0x00000140   0x00000006   Code   RO           92    .ARM.Collect$$rtentry$$00000004  c_w.l(__rtentry4.o)
    0x00000146   0x00000000   Code   RO           82    .ARM.Collect$$rtentry$$00000009  c_w.l(__rtentry2.o)
    0x00000146   0x00000004   Code   RO           83    .ARM.Collect$$rtentry$$0000000A  c_w.l(__rtentry2.o)
    0x0000014a   0x00000000   Code   RO           85    .ARM.Collect$$rtentry$$0000000C  c_w.l(__rtentry2.o)
    0x0000014a   0x00000008   Code   RO           86    .ARM.Collect$$rtentry$$0000000D  c_w.l(__rtentry2.o)
    0x00000152   0x00000002   Code   RO          107    .ARM.Collect$$rtexit$$00000000  c_w.l(rtexit.o)
    0x00000154   0x00000000   Code   RO          155    .ARM.Collect$$rtexit$$00000002  c_w.l(rtexit2.o)
    0x00000154   0x00000004   Code   RO          156    .ARM.Collect$$rtexit$$00000003  c_w.l(rtexit2.o)
    0x00000158   0x00000006   Code   RO          157    .ARM.Collect$$rtexit$$00000004  c_w.l(rtexit2.o)
    0x0000015e   0x00000002   PAD
    0x00000160   0x00000004   Code   RO          161    .emb_text           c_w.l(argv_veneer.o)
    0x00000164   0x0000003c   Code   RO           10  * .text               startup_lpc13xx.o
    0x000001a0   0x00000006   Code   RO           74    .text               c_w.l(heapauxi.o)
    0x000001a6   0x0000004a   Code   RO           94    .text               c_w.l(sys_stackheap_outer.o)
    0x000001f0   0x00000012   Code   RO           96    .text               c_w.l(exit.o)
    0x00000202   0x00000002   PAD
    0x00000204   0x00000008   Code   RO          104    .text               c_w.l(libspace.o)
    0x0000020c   0x0000000c   Code   RO          165    .text               c_w.l(sys_exit.o)
    0x00000218   0x00000018   Code   RO          174    .text               c_w.l(sys_command.o)
    0x00000230   0x00000002   Code   RO          176    .text               c_w.l(use_no_semi.o)
    0x00000232   0x00000000   Code   RO          178    .text               c_w.l(indicate_semi.o)
    0x00000232   0x00000004   Code   RO          179    .text               c_w.l(hrguard.o)
    0x00000236   0x0000000e   Code   RO          181    .text               c_w.l(defsig_rtmem_outer.o)
    0x00000244   0x0000000a   Code   RO          203    .text               c_w.l(defsig_exit.o)
    0x0000024e   0x00000002   PAD
    0x00000250   0x00000050   Code   RO          205    .text               c_w.l(defsig_rtmem_inner.o)
    0x000002a0   0x00000032   Code   RO          209    .text               c_w.l(defsig_general.o)
    0x000002d2   0x0000000e   Code   RO          211    .text               c_w.l(sys_wrch.o)
    0x000002e0   0x00000000   Data   RO          231    Region$$Table       anon$$obj.o
    0x000002e0   0x0000001c   PAD
    0x000002fc   0x00000004   Code   RO            9    .ARM.__at_0x02FC    startup_lpc13xx.o
    0x00000300   0x0000012e   Code   RO          169    .text               c_w.l(_get_argv_nomalloc.o)
    0x0000042e   0x00000002   PAD
    0x00000430   0x000000cc   Code   RO           20    i.SystemInit        system_lpc13xx.o


    Execution Region ER_RW (Base: 0x10000000, Size: 0x00000000, Max: 0xffffffff, ABSOLUTE)

    **** No section assigned to this execution region ****


    Execution Region ER_ZI (Base: 0x10000000, Size: 0x00000260, Max: 0xffffffff, ABSOLUTE)

    Base Addr    Size         Type   Attr      Idx    E Section Name        Object

    0x10000000   0x00000060   Zero   RW          105    .bss                c_w.l(libspace.o)
    0x10000060   0x00000000   Zero   RW            7    HEAP                startup_lpc13xx.o
    0x10000060   0x00000200   Zero   RW            6    STACK               startup_lpc13xx.o

